
> ai-studio-applet@0.1.0 build
> next build

   Γû▓ Next.js 15.5.12
   - Environments: .env.local

   Creating an optimized production build ...
 Γ£ô Compiled successfully in 10.5s
   Skipping linting
   Checking validity of types ...
   Collecting page data ...
   Generating static pages (0/59) ...
node.exe :  Γ¿» useSearchParams() should be wrapped in a suspense boundary at page 
"/office/quotes/new". Read more: 
https://nextjs.org/docs/messages/missing-suspense-with-csr-bailout
At line:1 char:1
+ & "C:\Program Files\nodejs/node.exe" "C:\Program Files\nodejs/node_mo ...
+ ~~~~~~~~~~~~~~~~~~~~~~~~~~~~~~~~~~~~~~~~~~~~~~~~~~~~~~~~~~~~~~~~~~~~~
    + CategoryInfo          : NotSpecified: ( Γ¿» useSearchP...ith-csr-bailout:String 
   ) [], RemoteException
    + FullyQualifiedErrorId : NativeCommandError
 
    at g (G:\AntiGravity Projects\touch-teq\.next\server\chunks\2999.js:1:97469)
    at m (G:\AntiGravity Projects\touch-teq\.next\server\chunks\2999.js:19:20235)
    at V (G:\AntiGravity Projects\touch-teq\.next\server\chunks\8702.js:1:10582)
    at n3 (G:\AntiGravity Projects\touch-teq\node_modules\next\dist\compiled\next-serv
er\app-page.runtime.prod.js:2:82831)
    at n6 (G:\AntiGravity Projects\touch-teq\node_modules\next\dist\compiled\next-serv
er\app-page.runtime.prod.js:2:84601)
    at n5 (G:\AntiGravity Projects\touch-teq\node_modules\next\dist\compiled\next-serv
er\app-page.runtime.prod.js:2:104801)
    at n7 (G:\AntiGravity Projects\touch-teq\node_modules\next\dist\compiled\next-serv
er\app-page.runtime.prod.js:2:102219)
    at n8 (G:\AntiGravity Projects\touch-teq\node_modules\next\dist\compiled\next-serv
er\app-page.runtime.prod.js:2:83183)
    at n6 (G:\AntiGravity Projects\touch-teq\node_modules\next\dist\compiled\next-serv
er\app-page.runtime.prod.js:2:84647)
    at n6 (G:\AntiGravity Projects\touch-teq\node_modules\next\dist\compiled\next-serv
er\app-page.runtime.prod.js:2:101560)
Error occurred prerendering page "/office/quotes/new". Read more: 
https://nextjs.org/docs/messages/prerender-error
Export encountered an error on /office/quotes/new/page: /office/quotes/new, exiting 
the build.
 Γ¿» Next.js build worker exited with code: 1 and signal: null
